#include <iostream>
#include <vector>
#include <GL/glut.h>
#include <string>
#include <cstdlib>
#include <cmath>
#include <deque>
#include "standard_lib.hpp"

int factorial(int n)
{

    if (n == 0)
    {
        return 1;
    }

    return n * factorial(n - 1);
}
void drawSquares(int n)
{

    for (int i = 0; i <= n; i++)
    {

        RegPoly *p = new RegPoly(4, factorial(i), new Point(0, 0, false), 1);
    }
    return;
}

int main(int argc, char **argv)
{

    drawSquares(10);

    glutInit(&argc, argv);
    glutInitWindowSize(640, 480);
    glutInitWindowPosition(50, 50);
    glutCreateWindow("Figure");
    glutDisplayFunc(display);
    glutReshapeFunc(reshape);
    init();
    glutMainLoop();

    return 0;
}
