#include <iostream>
#include <vector>
#include <GL/glut.h>
#include <string>
#include <cstdlib>
#include <cmath>
#include <deque>
#include "standard_lib.hpp"

void kite(double scale = 2, Point *center = new Point(0, 0, 1, 0, 0))
{

    Point *p1 = new Point(0, 1, 2, 0, 0);
    Point *p2 = new Point(0, -1, 2, 0, 0);
    Point *p3 = new Point(1, 0, 2, 0, 0);
    Point *p4 = new Point(-1, 0, 2, 0, 0);
}
void singleStep(double scale = 1, Point *center = new Point(0, 0, 1.0, 0, 0))
{

    Para *p = new Para(5, 90, 12, new Point(0, 0, 1.0, 0, 0), 1);
}

int main(int argc, char **argv)
{

    for (int i = 1; i < 10; i++)
    {

        kite(i * i, new Point(0, i, 1.0, 0, 0));
    }

    for (int i = -10; i >= 0; i++)
    {

        singleStep(1, new Point(i, i, 1.0, 0, 0));
    }

    glutInit(&argc, argv);
    glutInitWindowSize(640, 480);
    glutInitWindowPosition(50, 50);
    glutCreateWindow("Figure");
    glutDisplayFunc(display);
    glutReshapeFunc(reshape);
    init();
    glutMainLoop();

    return 0;
}
