#include <iostream>
#include <vector>
#include <GL/glut.h>
#include <string>
#include <cstdlib>
#include <cmath>
#include <deque>
#include "standard_lib.hpp"

int a = 5;
int sum = 6;

int main(int argc, char **argv)
{

    for (int i = 0; i < a; i++)
    {
        sum += i;
    }

    while (sum > a)
    {
        sum -= 4;
        string s = "Helloooo!!!";
    }

    for (int j = 7; j > 8;)
    {
        j++;
    }

    for (int c = 5;;)
    {
        c--;
    }

    glutInit(&argc, argv);
    glutInitWindowSize(640, 480);
    glutInitWindowPosition(50, 50);
    glutCreateWindow("Figure");
    glutDisplayFunc(display);
    glutReshapeFunc(reshape);
    init();
    glutMainLoop();

    return 0;
}
